// Jest Snapshot v1, https://goo.gl/fbAQLP

exports[`renders correctly 1`] = `
<div
  className="ui center aligned middle aligned grid app"
>
  <div
    className="column"
    style={
      Object {
        "maxWidth": 450,
      }
    }
  >
    <h1
      className="ui blue icon center aligned header"
    >
      <i
        aria-hidden="true"
        className="blue rocket icon"
      />
      Register
    </h1>
    <form
      className="ui large form"
      onSubmit={[Function]}
    >
      <div
        className="ui stacked segment"
      >
        <div
          className="field"
        >
          <div
            className="ui left icon input"
          >
            <input
              name="username"
              onChange={[Function]}
              placeholder="Username"
              type="text"
              value=""
            />
            <i
              aria-hidden="true"
              className="user icon"
            />
          </div>
        </div>
        <div
          className="field"
        >
          <div
            className="ui left icon input"
          >
            <input
              name="email"
              onChange={[Function]}
              placeholder="Email Adress"
              type="email"
              value=""
            />
            <i
              aria-hidden="true"
              className="mail icon"
            />
          </div>
        </div>
        <div
          className="field"
        >
          <div
            className="ui left icon input"
          >
            <input
              name="password"
              onChange={[Function]}
              placeholder="Password"
              type="password"
              value=""
            />
            <i
              aria-hidden="true"
              className="lock icon"
            />
          </div>
        </div>
        <div
          className="field"
        >
          <div
            className="ui left icon input"
          >
            <input
              name="passwordConfirmation"
              onChange={[Function]}
              placeholder="Password Confirmation"
              type="password"
              value=""
            />
            <i
              aria-hidden="true"
              className="repeat icon"
            />
          </div>
        </div>
        <button
          className="ui blue large fluid button"
          onClick={[Function]}
          role="button"
        >
          Submit
        </button>
      </div>
    </form>
    <div
      className="ui message"
    >
      Already a user? 
      <a
        href="/login"
        onClick={[Function]}
      >
        Login
      </a>
    </div>
  </div>
</div>
`;
